docker-compose :  Image trad
efinance_blockchain-frontend
 Building 
At line:1 char:1
+ docker-compose build 
frontend 2>&1 | Tee-Object 
-FilePath "build-erro ...
+ ~~~~~~~~~~~~~~~~~~~~~~~~~~
~~~~~~~~
    + CategoryInfo          
    : NotSpecified: ( Imag  
  e tradefin...ntend Buil   
 ding :String) [], Remot    
eException
    + FullyQualifiedErrorId 
    : NativeCommandError
 
 Image tradefinance_blockcha
in-backend Building 
#1 [internal] load local bake definitions
#1 reading from stdin 1.29kB done
#1 DONE 0.0s

#2 [internal] load build definition from Dockerfile
#2 transferring dockerfile: 558B done
#2 DONE -2.0s

#3 [internal] load metadata for docker.io/library/nginx:1.25-alpine
#3 ...

#4 [auth] library/nginx:pull token for registry-1.docker.io
#4 DONE 0.0s

#5 [auth] library/node:pull token for registry-1.docker.io
#5 DONE 0.0s

#6 [internal] load metadata for docker.io/library/node:18-alpine
#6 ...

#3 [internal] load metadata for docker.io/library/nginx:1.25-alpine
#3 DONE 4.1s

#6 [internal] load metadata for docker.io/library/node:18-alpine
#6 DONE 4.4s

#7 [internal] load .dockerignore
#7 transferring context: 2B 0.0s done
#7 DONE 0.1s

#8 [internal] load build context
#8 transferring context: 3.61kB 0.1s done
#8 DONE 0.2s

#9 [build 1/6] FROM docker.io/library/node:18-alpine@sha256:8d6421d663b4c28fd3ebc498332f249011d118945588d0a35cb9bc4b8ca09d9e
#9 resolve docker.io/library/node:18-alpine@sha256:8d6421d663b4c28fd3ebc498332f249011d118945588d0a35cb9bc4b8ca09d9e 0.2s done
#9 DONE 0.2s

#10 [build 2/6] WORKDIR /app
#10 CACHED

#11 [build 3/6] COPY package.json package-lock.json* ./
#11 CACHED

#12 [build 4/6] RUN npm install
#12 CACHED

#13 [build 5/6] COPY . .
#13 CACHED

#14 [stage-1 1/3] FROM docker.io/library/nginx:1.25-alpine@sha256:516475cc129da42866742567714ddc681e5eed7b9ee0b9e9c015e464b4221a00
#14 resolve docker.io/library/nginx:1.25-alpine@sha256:516475cc129da42866742567714ddc681e5eed7b9ee0b9e9c015e464b4221a00
#14 resolve docker.io/library/nginx:1.25-alpine@sha256:516475cc129da42866742567714ddc681e5eed7b9ee0b9e9c015e464b4221a00 0.2s done
#14 DONE 0.3s

#15 [build 6/6] RUN npm run build
#15 2.162 
#15 2.162 > trade-finance-frontend@1.0.0 build
#15 2.162 > tsc && vite build
#15 2.162 
#15 26.66 src/components/Web3Layout.tsx(1,27): error TS6133: 'useEffect' is declared but its value is never read.
#15 26.66 src/components/Web3Layout.tsx(3,25): error TS2307: Cannot find module '../contexts/AuthContext' or its corresponding type declarations.
#15 26.66 src/pages/AdminDashboard.tsx(2,25): error TS2307: Cannot find module '../contexts/AuthContext' or its corresponding type declarations.
#15 26.66 src/pages/AdminDashboard.tsx(3,30): error TS2307: Cannot find module '../services/adminService' or its corresponding type declarations.
#15 26.66 src/pages/AdminDashboard.tsx(4,1): error TS6133: 'riskService' is declared but its value is never read.
#15 26.66 src/pages/AnalyticsDashboard.tsx(2,25): error TS2307: Cannot find module '../contexts/AuthContext' or its corresponding type declarations.
#15 26.66 src/pages/AnalyticsDashboard.tsx(3,1): error TS6133: 'tradeService' is declared but its value is never read.
#15 26.66 src/pages/AnalyticsDashboard.tsx(4,1): error TS6133: 'documentService' is declared but its value is never read.
#15 26.66 src/pages/AnalyticsDashboard.tsx(5,1): error TS6133: 'riskService' is declared but its value is never read.
#15 26.66 src/pages/AnalyticsDashboard.tsx(40,9): error TS6133: 'user' is declared but its value is never read.
#15 26.66 src/pages/AnalyticsDashboard.tsx(54,10): error TS6133: 'riskTrendData' is declared but its value is never read.
#15 26.66 src/pages/AuditorDashboard.tsx(2,25): error TS2307: Cannot find module '../contexts/AuthContext' or its corresponding type declarations.
#15 26.66 src/pages/AuditorDashboard.tsx(68,28): error TS2339: Property 'verification_status' does not exist on type 'Document'.
#15 26.66 src/pages/AuditorDashboard.tsx(73,36): error TS2339: Property 'verification_status' does not exist on type 'Document'.
#15 26.66 src/pages/AuditorDashboard.tsx(75,32): error TS2345: Argument of type '{ uploaded_by: string; verification_status: any; id: number; owner_id: number; owner?: User | undefined; owner_name?: string | undefined; doc_type: DocumentType; doc_number: string; ... 5 more ...; status?: "pending" | ... 2 more ... | undefined; }[]' is not assignable to parameter of type 'SetStateAction<DocumentVerification[]>'.
#15 26.66   Type '{ uploaded_by: string; verification_status: any; id: number; owner_id: number; owner?: User | undefined; owner_name?: string | undefined; doc_type: DocumentType; doc_number: string; ... 5 more ...; status?: "pending" | ... 2 more ... | undefined; }[]' is not assignable to type 'DocumentVerification[]'.
#15 26.66     Property 'stored_hash' is missing in type '{ uploaded_by: string; verification_status: any; id: number; owner_id: number; owner?: User; owner_name?: string; doc_type: DocumentType; doc_number: string; ... 5 more ...; status?: "pending" | "verified" | "failed"; }' but required in type 'DocumentVerification'.
#15 26.68 src/pages/AuditorDashboard.tsx(87,28): error TS2345: Argument of type '{ actor_name: string; integrity_status: any; id: number; document_id: number | null; action: LedgerAction; actor_id: number | null; metadata: Record<string, any> | null; created_at: string; previous_hash?: string | ... 1 more ... | undefined; entry_hash?: string | ... 1 more ... | undefined; actor?: User | ... 1 mor...' is not assignable to parameter of type 'SetStateAction<LedgerValidation[]>'.
#15 26.68   Type '{ actor_name: string; integrity_status: any; id: number; document_id: number | null; action: LedgerAction; actor_id: number | null; metadata: Record<string, any> | null; created_at: string; previous_hash?: string | ... 1 more ... | undefined; entry_hash?: string | ... 1 more ... | undefined; actor?: User | ... 1 mor...' is not assignable to type 'LedgerValidation[]'.
#15 26.68     Type '{ actor_name: string; integrity_status: any; id: number; document_id: number | null; action: LedgerAction; actor_id: number | null; metadata: Record<string, any> | null; created_at: string; previous_hash?: string | null; entry_hash?: string | null; actor?: User | null; }' is not assignable to type 'LedgerValidation'.
#15 26.68       Types of property 'document_id' are incompatible.
#15 26.68         Type 'number | null' is not assignable to type 'number'.
#15 26.68           Type 'null' is not assignable to type 'number'.
#15 26.68 src/pages/AuditorDashboard.tsx(101,31): error TS2339: Property 'flagDocument' does not exist on type '{ getDocuments: () => Promise<Document[]>; getDocumentById: (id: number) => Promise<Document>; uploadDocument: (formData: FormData) => Promise<...>; ... 4 more ...; viewDocument: (id: number) => Promise<...>; }'.
#15 26.68 src/pages/BankDashboard.tsx(2,25): error TS2307: Cannot find module '../contexts/AuthContext' or its corresponding type declarations.
#15 26.68 src/pages/BankDashboard.tsx(72,23): error TS2345: Argument of type 'Trade[]' is not assignable to parameter of type 'SetStateAction<Transaction[]>'.
#15 26.68   Type 'Trade[]' is not assignable to type 'Transaction[]'.
#15 26.68     Type 'Trade' is missing the following properties from type 'Transaction': buyerName, sellerName
#15 26.68 src/pages/BankDashboard.tsx(76,20): error TS2345: Argument of type 'Document[]' is not assignable to parameter of type 'SetStateAction<Document[]>'.
#15 26.68   Type 'import("/app/src/types/document.types").Document[]' is not assignable to type 'Document[]'.
#15 26.68     Property 'hash_verified' is missing in type 'import("/app/src/types/document.types").Document' but required in type 'Document'.
#15 26.68 src/pages/CorporateDashboard.tsx(2,25): error TS2307: Cannot find module '../contexts/AuthContext' or its corresponding type declarations.
#15 26.68 src/pages/CorporateDashboard.tsx(70,30): error TS2345: Argument of type '{ upload_progress: number; id: number; owner_id: number; owner?: User | undefined; owner_name?: string | undefined; doc_type: DocumentType; doc_number: string; file_url: string; ... 4 more ...; status?: "pending" | ... 2 more ... | undefined; }[]' is not assignable to parameter of type 'SetStateAction<DocumentSubmission[]>'.
#15 26.68   Type '{ upload_progress: number; id: number; owner_id: number; owner?: User | undefined; owner_name?: string | undefined; doc_type: DocumentType; doc_number: string; file_url: string; ... 4 more ...; status?: "pending" | ... 2 more ... | undefined; }[]' is not assignable to type 'DocumentSubmission[]'.
#15 26.68     Type '{ upload_progress: number; id: number; owner_id: number; owner?: User; owner_name?: string; doc_type: DocumentType; doc_number: string; file_url: string; ... 4 more ...; status?: "pending" | "verified" | "failed"; }' is not assignable to type 'DocumentSubmission'.
#15 26.68       Types of property 'status' are incompatible.
#15 26.68         Type 'string | undefined' is not assignable to type 'string'.
#15 26.68           Type 'undefined' is not assignable to type 'string'.
#15 26.68 src/pages/CorporateDashboard.tsx(78,24): error TS2345: Argument of type '{ progress: number; id: number; buyer_id: number; seller_id: number; buyer?: User | undefined; seller?: User | undefined; amount: string; currency: string; status: TradeStatus; created_at: string; updated_at: string; }[]' is not assignable to parameter of type 'SetStateAction<TradeTracking[]>'.
#15 26.68   Type '{ progress: number; id: number; buyer_id: number; seller_id: number; buyer?: User | undefined; seller?: User | undefined; amount: string; currency: string; status: TradeStatus; created_at: string; updated_at: string; }[]' is not assignable to type 'TradeTracking[]'.
#15 26.68     Type '{ progress: number; id: number; buyer_id: number; seller_id: number; buyer?: User | undefined; seller?: User | undefined; amount: string; currency: string; status: TradeStatus; created_at: string; updated_at: string; }' is missing the following properties from type 'TradeTracking': buyer_name, seller_name, documents_count
#15 26.68 src/pages/SettingsDashboard.tsx(2,25): error TS2307: Cannot find module '../contexts/AuthContext' or its corresponding type declarations.
#15 26.68 src/pages/SettingsDashboard.tsx(182,39): error TS6133: 'currentPassword' is declared but its value is never read.
#15 26.68 src/pages/SettingsDashboard.tsx(182,64): error TS6133: 'newPassword' is declared but its value is never read.
#15 ERROR: process "/bin/sh -c npm run build" did not complete successfully: exit code: 2
------
 > [build 6/6] RUN npm run build:
26.68     Type '{ upload_progress: number; id: number; owner_id: number; owner?: User; owner_name?: string; doc_type: DocumentType; doc_number: string; file_url: string; ... 4 more ...; status?: "pending" | "verified" | "failed"; }' is not assignable to type 'DocumentSubmission'.
26.68       Types of property 'status' are incompatible.
26.68         Type 'string | undefined' is not assignable to type 'string'.
26.68           Type 'undefined' is not assignable to type 'string'.
26.68 src/pages/CorporateDashboard.tsx(78,24): error TS2345: Argument of type '{ progress: number; id: number; buyer_id: number; seller_id: number; buyer?: User | undefined; seller?: User | undefined; amount: string; currency: string; status: TradeStatus; created_at: string; updated_at: string; }[]' is not assignable to parameter of type 'SetStateAction<TradeTracking[]>'.
26.68   Type '{ progress: number; id: number; buyer_id: number; seller_id: number; buyer?: User | undefined; seller?: User | undefined; amount: string; currency: string; status: TradeStatus; created_at: string; updated_at: string; }[]' is not assignable to type 'TradeTracking[]'.
26.68     Type '{ progress: number; id: number; buyer_id: number; seller_id: number; buyer?: User | undefined; seller?: User | undefined; amount: string; currency: string; status: TradeStatus; created_at: string; updated_at: string; }' is missing the following properties from type 'TradeTracking': buyer_name, seller_name, documents_count
26.68 src/pages/SettingsDashboard.tsx(2,25): error TS2307: Cannot find module '../contexts/AuthContext' or its corresponding type declarations.
26.68 src/pages/SettingsDashboard.tsx(182,39): error TS6133: 'currentPassword' is declared but its value is never read.
26.68 src/pages/SettingsDashboard.tsx(182,64): error TS6133: 'newPassword' is declared but its value is never read.
------
Dockerfile:16

--------------------

  14 |     

  15 |     # Build the 
application

  16 | >>> RUN npm run build

  17 |     

  18 |     # Production 
stage

--------------------

failed to solve: process 
"/bin/sh -c npm run build" 
did not complete 
successfully: exit code: 2

